// Jest Snapshot v1, https://goo.gl/fbAQLP

exports[`should not render portal component correctly 1`] = `

<div class="parent">
</div>
<div role="portal"
     style="display: none;"
     data-custom="any"
     class="classA"
>
  <button>
    content button
  </button>
</div>

`;

exports[`should render portal component correctly 1`] = `

<div class="parent">
</div>

`;
